* using log directory ‘/Users/raymondtremblay/Dropbox/GitHub_Dropbox_Drive/GitHub/NeStage/..Rcheck’
* using R version 4.5.2 (2025-10-31)
* using platform: x86_64-apple-darwin20
* R was compiled by
    Apple clang version 14.0.0 (clang-1400.0.29.202)
    GNU Fortran (GCC) 14.2.0
* running under: macOS Monterey 12.7.6
* using session charset: UTF-8
* using option ‘--as-cran’
* checking for file ‘./DESCRIPTION’ ... OK
* checking extension type ... Package
* this is package ‘NeStage’ version ‘0.8.0’
* package encoding: UTF-8
* checking CRAN incoming feasibility ... [5s/15s] NOTE
Maintainer: ‘Raymond L. Tremblay <raymond.tremblay@gmail.com>’

New submission

Package has a VignetteBuilder field but no prebuilt vignette index.

The build time stamp is missing.
* checking package namespace information ... OK
* checking package dependencies ... OK
* checking if this is a source package ... NOTE
Subdirectory ‘NeStage.Rcheck/00_pkg_src/NeStage/inst’ seems to contain an installed version of the package.
* checking if there is a namespace ... OK
* checking for executable files ... WARNING
Found the following executable file:
  .git/objects/63/b34fbbcf2b8a4058d861d6bc0d7aad1ea04ebc
Source packages should not contain undeclared executable files.
See section ‘Package structure’ in the ‘Writing R Extensions’ manual.
* checking for hidden files and directories ... NOTE
Found the following hidden files and directories:
  .DS_Store
  .RData
  .Rhistory
  .gitattributes
  .gitignore
  NeStage.Rcheck/00_pkg_src/NeStage/vignettes/.!15835!.DS_Store
  R/.DS_Store
  vignettes/.DS_Store
  ..Rcheck
  .Rproj.user
  .git
These were most likely included in error. See section ‘Package
structure’ in the ‘Writing R Extensions’ manual.

CRAN-pack does not know about
  .DS_Store
  .RData
  NeStage.Rcheck/00_pkg_src/NeStage/vignettes/.!15835!.DS_Store
  R/.DS_Store
  vignettes/.DS_Store
  ..Rcheck
  .git
* checking for portable file names ... WARNING
Found the following files with non-portable file names:
  .git/logs/refs/remotes/origin/HEAD (Raymonds-Mac-Pro.local's conflicted copy 2026-03-06 1)
  .git/logs/refs/remotes/origin/HEAD (Raymonds-Mac-Pro.local's conflicted copy 2026-03-06)
  .git/logs/refs/remotes/origin/HEAD (Raymonds-Mac-Pro.local's conflicted copy 2026-03-07)
  .git/logs/refs/remotes/origin/HEAD (Raymonds-MacBook-Pro.local's conflicted copy 2026-03-07)
These are not fully portable file names.
See section ‘Package structure’ in the ‘Writing R Extensions’ manual.
* checking for sufficient/correct file permissions ... OK
* checking whether package ‘NeStage’ can be installed ... OK
* checking installed package size ... INFO
  installed size is  5.0Mb
  sub-directories of 1Mb or more:
    doc   4.8Mb
* checking package directory ... OK
* checking for future file timestamps ... NOTE
unable to verify current time
* checking DESCRIPTION meta-information ... NOTE
Checking should be performed on sources prepared by ‘R CMD build’.
* checking top-level files ... NOTE
Files ‘README.md’ or ‘NEWS.md’ cannot be checked without ‘pandoc’ being installed.
Non-standard files/directories found at top level:
  ‘CRAN-SUBMISSION’ ‘CRAN_submission_checklist.md’ ‘NeStage.Rcheck’
  ‘NeStage.Rproj’ ‘NeStage_0.8.0.tar.gz’ ‘cran-comments.md’ ‘paper.bib’
  ‘paper.md’
* checking for left-over files ... OK
* checking index information ... OK
* checking package subdirectories ... WARNING
Found the following directories with names of check directories:
  ./..Rcheck
  ./NeStage.Rcheck
Most likely, these were included erroneously.
Found the following directory with the name of a version control directory:
  ./.git
These should not be in a package tarball.
* checking code files for non-ASCII characters ... OK
* checking R files for syntax errors ... OK
* checking whether the package can be loaded ... OK
* checking whether the package can be loaded with stated dependencies ... OK
* checking whether the package can be unloaded cleanly ... OK
* checking whether the namespace can be loaded with stated dependencies ... OK
* checking whether the namespace can be unloaded cleanly ... OK
* checking use of S3 registration ... OK
* checking dependencies in R code ... OK
* checking S3 generic/method consistency ... OK
* checking replacement functions ... OK
* checking foreign function calls ... OK
* checking R code for possible problems ... OK
* checking Rd files ... OK
* checking Rd metadata ... OK
* checking Rd line widths ... OK
* checking Rd cross-references ... OK
* checking for missing documentation entries ... OK
* checking for code/documentation mismatches ... OK
* checking Rd \usage sections ... OK
* checking Rd contents ... OK
* checking for unstated dependencies in examples ... OK
* checking installed files from ‘inst/doc’ ... OK
* checking files in ‘vignettes’ ... WARNING
Files in the 'vignettes' directory newer than all files in 'inst/doc':
  ‘NeStage_quickstart.Rmd’
* checking examples ... OK
* checking for unstated dependencies in vignettes ... OK
* checking package vignettes ... OK
* checking re-building of vignette outputs ... OK
* checking PDF version of manual ... OK
* checking HTML version of manual ... NOTE
Skipping checking HTML validation: 'tidy' doesn't look like recent enough HTML Tidy.
Please obtain a recent version of HTML Tidy by downloading a binary
release or compiling the source code from <https://www.html-tidy.org/>.
* checking for non-standard things in the check directory ... OK
* checking for detritus in the temp directory ... OK
* DONE
Status: 4 WARNINGs, 7 NOTEs
